// Jest Snapshot v1, https://goo.gl/fbAQLP

exports[`Snapshot Testing Testing Footer 1`] = `
<footer>
  <div>
    <p>
      Â© NareshITs
    </p>
  </div>
</footer>
`;
